// Jest Snapshot v1, https://goo.gl/fbAQLP

exports[`elif 1`] = `
"console.log('visible')
"
`;

exports[`if else 1`] = `
"console.log('visible')
"
`;

exports[`single if 1`] = `
"  print(\\"trace message\\");

"
`;
